Archive member included to satisfy reference by file (symbol)

c:/program files (x86)/atmel/studio/7.0/toolchain/avr8/avr8-gnu-toolchain/bin/../lib/gcc/avr/5.4.0/../../../../avr/lib/avr5\libm.a(addsf3.o)
                              MCAL/UART/static/UART.o (__subsf3)
c:/program files (x86)/atmel/studio/7.0/toolchain/avr8/avr8-gnu-toolchain/bin/../lib/gcc/avr/5.4.0/../../../../avr/lib/avr5\libm.a(addsf3x.o)
                              c:/program files (x86)/atmel/studio/7.0/toolchain/avr8/avr8-gnu-toolchain/bin/../lib/gcc/avr/5.4.0/../../../../avr/lib/avr5\libm.a(addsf3.o) (__addsf3x)
c:/program files (x86)/atmel/studio/7.0/toolchain/avr8/avr8-gnu-toolchain/bin/../lib/gcc/avr/5.4.0/../../../../avr/lib/avr5\libm.a(divsf3.o)
                              HAL/Temp_Sensor/Temp_Sensor.o (__divsf3)
c:/program files (x86)/atmel/studio/7.0/toolchain/avr8/avr8-gnu-toolchain/bin/../lib/gcc/avr/5.4.0/../../../../avr/lib/avr5\libm.a(divsf3x.o)
                              c:/program files (x86)/atmel/studio/7.0/toolchain/avr8/avr8-gnu-toolchain/bin/../lib/gcc/avr/5.4.0/../../../../avr/lib/avr5\libm.a(divsf3.o) (__divsf3x)
c:/program files (x86)/atmel/studio/7.0/toolchain/avr8/avr8-gnu-toolchain/bin/../lib/gcc/avr/5.4.0/../../../../avr/lib/avr5\libm.a(fixunssfsi.o)
                              HAL/Temp_Sensor/Temp_Sensor.o (__fixunssfsi)
c:/program files (x86)/atmel/studio/7.0/toolchain/avr8/avr8-gnu-toolchain/bin/../lib/gcc/avr/5.4.0/../../../../avr/lib/avr5\libm.a(floatsisf.o)
                              HAL/Temp_Sensor/Temp_Sensor.o (__floatunsisf)
c:/program files (x86)/atmel/studio/7.0/toolchain/avr8/avr8-gnu-toolchain/bin/../lib/gcc/avr/5.4.0/../../../../avr/lib/avr5\libm.a(fp_inf.o)
                              c:/program files (x86)/atmel/studio/7.0/toolchain/avr8/avr8-gnu-toolchain/bin/../lib/gcc/avr/5.4.0/../../../../avr/lib/avr5\libm.a(addsf3x.o) (__fp_inf)
c:/program files (x86)/atmel/studio/7.0/toolchain/avr8/avr8-gnu-toolchain/bin/../lib/gcc/avr/5.4.0/../../../../avr/lib/avr5\libm.a(fp_nan.o)
                              c:/program files (x86)/atmel/studio/7.0/toolchain/avr8/avr8-gnu-toolchain/bin/../lib/gcc/avr/5.4.0/../../../../avr/lib/avr5\libm.a(addsf3x.o) (__fp_nan)
c:/program files (x86)/atmel/studio/7.0/toolchain/avr8/avr8-gnu-toolchain/bin/../lib/gcc/avr/5.4.0/../../../../avr/lib/avr5\libm.a(fp_pscA.o)
                              c:/program files (x86)/atmel/studio/7.0/toolchain/avr8/avr8-gnu-toolchain/bin/../lib/gcc/avr/5.4.0/../../../../avr/lib/avr5\libm.a(addsf3x.o) (__fp_pscA)
c:/program files (x86)/atmel/studio/7.0/toolchain/avr8/avr8-gnu-toolchain/bin/../lib/gcc/avr/5.4.0/../../../../avr/lib/avr5\libm.a(fp_pscB.o)
                              c:/program files (x86)/atmel/studio/7.0/toolchain/avr8/avr8-gnu-toolchain/bin/../lib/gcc/avr/5.4.0/../../../../avr/lib/avr5\libm.a(addsf3x.o) (__fp_pscB)
c:/program files (x86)/atmel/studio/7.0/toolchain/avr8/avr8-gnu-toolchain/bin/../lib/gcc/avr/5.4.0/../../../../avr/lib/avr5\libm.a(fp_round.o)
                              c:/program files (x86)/atmel/studio/7.0/toolchain/avr8/avr8-gnu-toolchain/bin/../lib/gcc/avr/5.4.0/../../../../avr/lib/avr5\libm.a(addsf3.o) (__fp_round)
c:/program files (x86)/atmel/studio/7.0/toolchain/avr8/avr8-gnu-toolchain/bin/../lib/gcc/avr/5.4.0/../../../../avr/lib/avr5\libm.a(fp_split3.o)
                              c:/program files (x86)/atmel/studio/7.0/toolchain/avr8/avr8-gnu-toolchain/bin/../lib/gcc/avr/5.4.0/../../../../avr/lib/avr5\libm.a(addsf3x.o) (__fp_split3)
c:/program files (x86)/atmel/studio/7.0/toolchain/avr8/avr8-gnu-toolchain/bin/../lib/gcc/avr/5.4.0/../../../../avr/lib/avr5\libm.a(fp_zero.o)
                              c:/program files (x86)/atmel/studio/7.0/toolchain/avr8/avr8-gnu-toolchain/bin/../lib/gcc/avr/5.4.0/../../../../avr/lib/avr5\libm.a(addsf3x.o) (__fp_zero)
c:/program files (x86)/atmel/studio/7.0/toolchain/avr8/avr8-gnu-toolchain/bin/../lib/gcc/avr/5.4.0/../../../../avr/lib/avr5\libm.a(mulsf3.o)
                              HAL/Temp_Sensor/Temp_Sensor.o (__mulsf3)
c:/program files (x86)/atmel/studio/7.0/toolchain/avr8/avr8-gnu-toolchain/bin/../lib/gcc/avr/5.4.0/../../../../avr/lib/avr5\libm.a(mulsf3x.o)
                              c:/program files (x86)/atmel/studio/7.0/toolchain/avr8/avr8-gnu-toolchain/bin/../lib/gcc/avr/5.4.0/../../../../avr/lib/avr5\libm.a(mulsf3.o) (__mulsf3x)
c:/program files (x86)/atmel/studio/7.0/toolchain/avr8/avr8-gnu-toolchain/bin/../lib/gcc/avr/5.4.0/avr5\libgcc.a(_udivmodhi4.o)
                              HAL/POT/Pot.o (__udivmodhi4)
c:/program files (x86)/atmel/studio/7.0/toolchain/avr8/avr8-gnu-toolchain/bin/../lib/gcc/avr/5.4.0/avr5\libgcc.a(_exit.o)
                              C:/Program Files (x86)/Atmel/Studio/7.0/Packs/atmel/ATmega_DFP/1.6.364/gcc/dev/atmega32a/avr5/crtatmega32a.o (exit)
c:/program files (x86)/atmel/studio/7.0/toolchain/avr8/avr8-gnu-toolchain/bin/../lib/gcc/avr/5.4.0/avr5\libgcc.a(_tablejump2.o)
                              MCAL/DIO/Dio.o (__tablejump2__)
c:/program files (x86)/atmel/studio/7.0/toolchain/avr8/avr8-gnu-toolchain/bin/../lib/gcc/avr/5.4.0/avr5\libgcc.a(_copy_data.o)
                              MCAL/ADC/config/ADC_Lcfg.o (__do_copy_data)
c:/program files (x86)/atmel/studio/7.0/toolchain/avr8/avr8-gnu-toolchain/bin/../lib/gcc/avr/5.4.0/avr5\libgcc.a(_clear_bss.o)
                              MCAL/PWM/static/Pwm.o (__do_clear_bss)
c:/program files (x86)/atmel/studio/7.0/toolchain/avr8/avr8-gnu-toolchain/bin/../lib/gcc/avr/5.4.0/avr5\libgcc.a(_umulhisi3.o)
                              MCAL/PWM/static/Pwm.o (__umulhisi3)
c:/program files (x86)/atmel/studio/7.0/toolchain/avr8/avr8-gnu-toolchain/bin/../lib/gcc/avr/5.4.0/../../../../avr/lib/avr5\libc.a(itoa_ncheck.o)
                              HAL/LCD/LCD.o (__itoa_ncheck)
c:/program files (x86)/atmel/studio/7.0/toolchain/avr8/avr8-gnu-toolchain/bin/../lib/gcc/avr/5.4.0/../../../../avr/lib/avr5\libc.a(utoa_ncheck.o)
                              c:/program files (x86)/atmel/studio/7.0/toolchain/avr8/avr8-gnu-toolchain/bin/../lib/gcc/avr/5.4.0/../../../../avr/lib/avr5\libc.a(itoa_ncheck.o) (__utoa_common)
c:/program files (x86)/atmel/studio/7.0/toolchain/avr8/avr8-gnu-toolchain/bin/../lib/gcc/avr/5.4.0/../../../../avr/lib/avr5\libc.a(strrev.o)
                              c:/program files (x86)/atmel/studio/7.0/toolchain/avr8/avr8-gnu-toolchain/bin/../lib/gcc/avr/5.4.0/../../../../avr/lib/avr5\libc.a(utoa_ncheck.o) (strrev)

Discarded input sections

 .data          0x00000000        0x0 C:/Program Files (x86)/Atmel/Studio/7.0/Packs/atmel/ATmega_DFP/1.6.364/gcc/dev/atmega32a/avr5/crtatmega32a.o
 .bss           0x00000000        0x0 C:/Program Files (x86)/Atmel/Studio/7.0/Packs/atmel/ATmega_DFP/1.6.364/gcc/dev/atmega32a/avr5/crtatmega32a.o
 .text          0x00000000        0x0 HAL/Buzzer/BUZZER.o
 .data          0x00000000        0x0 HAL/Buzzer/BUZZER.o
 .bss           0x00000000        0x0 HAL/Buzzer/BUZZER.o
 .text.Buzzer_init
                0x00000000        0xe HAL/Buzzer/BUZZER.o
 .text.Buzzer_SetState
                0x00000000       0x26 HAL/Buzzer/BUZZER.o
 .debug_info    0x00000000      0x1a6 HAL/Buzzer/BUZZER.o
 .debug_abbrev  0x00000000       0xbd HAL/Buzzer/BUZZER.o
 .debug_loc     0x00000000       0x3a HAL/Buzzer/BUZZER.o
 .debug_aranges
                0x00000000       0x28 HAL/Buzzer/BUZZER.o
 .debug_ranges  0x00000000       0x18 HAL/Buzzer/BUZZER.o
 .debug_line    0x00000000       0x9f HAL/Buzzer/BUZZER.o
 .debug_str     0x00000000      0x223 HAL/Buzzer/BUZZER.o
 .comment       0x00000000       0x31 HAL/Buzzer/BUZZER.o
 .debug_frame   0x00000000       0x34 HAL/Buzzer/BUZZER.o
 .text          0x00000000        0x0 HAL/DC_Motor_AirCondition/DC_Motor.o
 .data          0x00000000        0x0 HAL/DC_Motor_AirCondition/DC_Motor.o
 .bss           0x00000000        0x0 HAL/DC_Motor_AirCondition/DC_Motor.o
 .text.DcMotor_Init
                0x00000000       0x26 HAL/DC_Motor_AirCondition/DC_Motor.o
 .text.DcMotor_On
                0x00000000       0x26 HAL/DC_Motor_AirCondition/DC_Motor.o
 .text.DcMotor_Off
                0x00000000       0x26 HAL/DC_Motor_AirCondition/DC_Motor.o
 .debug_info    0x00000000      0x276 HAL/DC_Motor_AirCondition/DC_Motor.o
 .debug_abbrev  0x00000000       0x96 HAL/DC_Motor_AirCondition/DC_Motor.o
 .debug_aranges
                0x00000000       0x30 HAL/DC_Motor_AirCondition/DC_Motor.o
 .debug_ranges  0x00000000       0x20 HAL/DC_Motor_AirCondition/DC_Motor.o
 .debug_line    0x00000000       0xdc HAL/DC_Motor_AirCondition/DC_Motor.o
 .debug_str     0x00000000      0x223 HAL/DC_Motor_AirCondition/DC_Motor.o
 .comment       0x00000000       0x31 HAL/DC_Motor_AirCondition/DC_Motor.o
 .debug_frame   0x00000000       0x44 HAL/DC_Motor_AirCondition/DC_Motor.o
 .text          0x00000000        0x0 HAL/DimmingLed/DimmingLed.o
 .data          0x00000000        0x0 HAL/DimmingLed/DimmingLed.o
 .bss           0x00000000        0x0 HAL/DimmingLed/DimmingLed.o
 .text.DimmingLed_Intenesty
                0x00000000        0xe HAL/DimmingLed/DimmingLed.o
 .text          0x00000000        0x0 HAL/HC05/HC-05.o
 .data          0x00000000        0x0 HAL/HC05/HC-05.o
 .bss           0x00000000        0x0 HAL/HC05/HC-05.o
 .text.Hc_05_Init
                0x00000000        0xa HAL/HC05/HC-05.o
 .text.Hc_05_Receive
                0x00000000       0x1c HAL/HC05/HC-05.o
 .text.Hc_05_StringReceive
                0x00000000       0x1c HAL/HC05/HC-05.o
 .debug_info    0x00000000      0x3d0 HAL/HC05/HC-05.o
 .debug_abbrev  0x00000000       0xfa HAL/HC05/HC-05.o
 .debug_loc     0x00000000       0xe8 HAL/HC05/HC-05.o
 .debug_aranges
                0x00000000       0x30 HAL/HC05/HC-05.o
 .debug_ranges  0x00000000       0x20 HAL/HC05/HC-05.o
 .debug_line    0x00000000       0xb9 HAL/HC05/HC-05.o
 .debug_str     0x00000000      0x5cd HAL/HC05/HC-05.o
 .comment       0x00000000       0x31 HAL/HC05/HC-05.o
 .debug_frame   0x00000000       0x64 HAL/HC05/HC-05.o
 .text          0x00000000        0x0 HAL/Keypad/KeyPad.o
 .data          0x00000000        0x0 HAL/Keypad/KeyPad.o
 .bss           0x00000000        0x0 HAL/Keypad/KeyPad.o
 .text.Keypad_Init
                0x00000000        0xe HAL/Keypad/KeyPad.o
 .text.Keypad_getStatus
                0x00000000      0x1be HAL/Keypad/KeyPad.o
 .debug_info    0x00000000      0x4d4 HAL/Keypad/KeyPad.o
 .debug_abbrev  0x00000000      0x105 HAL/Keypad/KeyPad.o
 .debug_loc     0x00000000      0x4b6 HAL/Keypad/KeyPad.o
 .debug_aranges
                0x00000000       0x28 HAL/Keypad/KeyPad.o
 .debug_ranges  0x00000000       0x18 HAL/Keypad/KeyPad.o
 .debug_line    0x00000000      0x401 HAL/Keypad/KeyPad.o
 .debug_str     0x00000000      0x25a HAL/Keypad/KeyPad.o
 .comment       0x00000000       0x31 HAL/Keypad/KeyPad.o
 .debug_frame   0x00000000       0x34 HAL/Keypad/KeyPad.o
 .text          0x00000000        0x0 HAL/LCD/LCD.o
 .data          0x00000000        0x0 HAL/LCD/LCD.o
 .bss           0x00000000        0x0 HAL/LCD/LCD.o
 .text.LCD_SendInstruction
                0x00000000       0xb8 HAL/LCD/LCD.o
 .text.LCD_CharDisplay
                0x00000000       0xb8 HAL/LCD/LCD.o
 .text.LCD_StringDisplay
                0x00000000       0x1a HAL/LCD/LCD.o
 .text.LCD_RowCol_Select
                0x00000000       0x32 HAL/LCD/LCD.o
 .text.LCD_IntegerDisplay
                0x00000000       0x3c HAL/LCD/LCD.o
 .text.LCD_Cursor_ShiftLeft
                0x00000000       0x14 HAL/LCD/LCD.o
 .text.LCD_Cursor_ShiftRight
                0x00000000       0x14 HAL/LCD/LCD.o
 .text.LCD_Display_ShiftLeft
                0x00000000       0x14 HAL/LCD/LCD.o
 .text.LCD_Display_ShiftRight
                0x00000000       0x14 HAL/LCD/LCD.o
 .text.LCD_Clear
                0x00000000        0x8 HAL/LCD/LCD.o
 .text.LCD_init
                0x00000000       0x54 HAL/LCD/LCD.o
 .debug_info    0x00000000      0xaa0 HAL/LCD/LCD.o
 .debug_abbrev  0x00000000      0x217 HAL/LCD/LCD.o
 .debug_loc     0x00000000      0x786 HAL/LCD/LCD.o
 .debug_aranges
                0x00000000       0x70 HAL/LCD/LCD.o
 .debug_ranges  0x00000000       0x60 HAL/LCD/LCD.o
 .debug_line    0x00000000      0x3e6 HAL/LCD/LCD.o
 .debug_str     0x00000000      0x398 HAL/LCD/LCD.o
 .comment       0x00000000       0x31 HAL/LCD/LCD.o
 .debug_frame   0x00000000       0xf0 HAL/LCD/LCD.o
 .text          0x00000000        0x0 HAL/LED/LED_Interface.o
 .data          0x00000000        0x0 HAL/LED/LED_Interface.o
 .bss           0x00000000        0x0 HAL/LED/LED_Interface.o
 .text.Led_Init
                0x00000000       0x36 HAL/LED/LED_Interface.o
 .text.Led_State
                0x00000000       0x78 HAL/LED/LED_Interface.o
 .text.Led_Toggle
                0x00000000       0x30 HAL/LED/LED_Interface.o
 .debug_info    0x00000000      0x367 HAL/LED/LED_Interface.o
 .debug_abbrev  0x00000000       0xb4 HAL/LED/LED_Interface.o
 .debug_loc     0x00000000      0x1e2 HAL/LED/LED_Interface.o
 .debug_aranges
                0x00000000       0x30 HAL/LED/LED_Interface.o
 .debug_ranges  0x00000000       0x20 HAL/LED/LED_Interface.o
 .debug_line    0x00000000      0x14c HAL/LED/LED_Interface.o
 .debug_str     0x00000000      0x25e HAL/LED/LED_Interface.o
 .comment       0x00000000       0x31 HAL/LED/LED_Interface.o
 .debug_frame   0x00000000       0x44 HAL/LED/LED_Interface.o
 .text          0x00000000        0x0 HAL/POT/Pot.o
 .data          0x00000000        0x0 HAL/POT/Pot.o
 .bss           0x00000000        0x0 HAL/POT/Pot.o
 .text.Pot_ValueGet
                0x00000000       0x6c HAL/POT/Pot.o
 .text.Pot_Stop
                0x00000000        0xa HAL/POT/Pot.o
 .text          0x00000000        0x0 HAL/Relay/Relay.o
 .data          0x00000000        0x0 HAL/Relay/Relay.o
 .bss           0x00000000        0x0 HAL/Relay/Relay.o
 .text          0x00000000        0x0 HAL/Servo_Motor/Servo_motor.o
 .data          0x00000000        0x0 HAL/Servo_Motor/Servo_motor.o
 .bss           0x00000000        0x0 HAL/Servo_Motor/Servo_motor.o
 .text.ServoMotor_Rotateneg90
                0x00000000       0x1c HAL/Servo_Motor/Servo_motor.o
 .text          0x00000000        0x0 HAL/Temp_Sensor/Temp_Sensor.o
 .data          0x00000000        0x0 HAL/Temp_Sensor/Temp_Sensor.o
 .bss           0x00000000        0x0 HAL/Temp_Sensor/Temp_Sensor.o
 .text.TempSensor_Init
                0x00000000        0xa HAL/Temp_Sensor/Temp_Sensor.o
 .text.TempSensor_ValueGet
                0x00000000       0xa8 HAL/Temp_Sensor/Temp_Sensor.o
 .text.TempSensor_Stop
                0x00000000        0xa HAL/Temp_Sensor/Temp_Sensor.o
 .debug_info    0x00000000      0x3d4 HAL/Temp_Sensor/Temp_Sensor.o
 .debug_abbrev  0x00000000      0x10f HAL/Temp_Sensor/Temp_Sensor.o
 .debug_loc     0x00000000       0xf2 HAL/Temp_Sensor/Temp_Sensor.o
 .debug_aranges
                0x00000000       0x30 HAL/Temp_Sensor/Temp_Sensor.o
 .debug_ranges  0x00000000       0x20 HAL/Temp_Sensor/Temp_Sensor.o
 .debug_line    0x00000000       0xee HAL/Temp_Sensor/Temp_Sensor.o
 .debug_str     0x00000000      0x59d HAL/Temp_Sensor/Temp_Sensor.o
 .comment       0x00000000       0x31 HAL/Temp_Sensor/Temp_Sensor.o
 .debug_frame   0x00000000       0x74 HAL/Temp_Sensor/Temp_Sensor.o
 .text          0x00000000        0x0 main.o
 .data          0x00000000        0x0 main.o
 .bss           0x00000000        0x0 main.o
 .text          0x00000000        0x0 MCAL/ADC/config/ADC_Lcfg.o
 .data          0x00000000        0x0 MCAL/ADC/config/ADC_Lcfg.o
 .bss           0x00000000        0x0 MCAL/ADC/config/ADC_Lcfg.o
 .rodata.gTemAdc_Configuration
                0x00000000        0x9 MCAL/ADC/config/ADC_Lcfg.o
 .text          0x00000000        0x0 MCAL/ADC/static/ADC.o
 .data          0x00000000        0x0 MCAL/ADC/static/ADC.o
 .bss           0x00000000        0x0 MCAL/ADC/static/ADC.o
 .text.Adc_ConvStateGet
                0x00000000        0xc MCAL/ADC/static/ADC.o
 .text.Adc_StartGroupConversion
                0x00000000        0xc MCAL/ADC/static/ADC.o
 .text.Adc_StopGroupConversion
                0x00000000        0xc MCAL/ADC/static/ADC.o
 .text.Adc_ReadChannel
                0x00000000       0x6e MCAL/ADC/static/ADC.o
 .text          0x00000000        0x0 MCAL/DIO/Dio.o
 .data          0x00000000        0x0 MCAL/DIO/Dio.o
 .bss           0x00000000        0x0 MCAL/DIO/Dio.o
 .text.DioDirectionSetPort
                0x00000000       0x18 MCAL/DIO/Dio.o
 .text.DioPortWrite
                0x00000000        0x6 MCAL/DIO/Dio.o
 .text.DioChannelToggle
                0x00000000       0x72 MCAL/DIO/Dio.o
 .progmem.gcc_sw_table.DioChannelToggle
                0x00000000       0x10 MCAL/DIO/Dio.o
 .text.DioChannelRead
                0x00000000       0xb0 MCAL/DIO/Dio.o
 .progmem.gcc_sw_table.DioChannelRead
                0x00000000       0x10 MCAL/DIO/Dio.o
 .text          0x00000000        0x0 MCAL/EEPROM/eeprom.o
 .data          0x00000000        0x0 MCAL/EEPROM/eeprom.o
 .bss           0x00000000        0x0 MCAL/EEPROM/eeprom.o
 .text.eeprom_writeByte
                0x00000000       0x18 MCAL/EEPROM/eeprom.o
 .text.eeprom_readByte
                0x00000000       0x18 MCAL/EEPROM/eeprom.o
 .debug_info    0x00000000       0xd9 MCAL/EEPROM/eeprom.o
 .debug_abbrev  0x00000000       0x80 MCAL/EEPROM/eeprom.o
 .debug_loc     0x00000000       0x4c MCAL/EEPROM/eeprom.o
 .debug_aranges
                0x00000000       0x28 MCAL/EEPROM/eeprom.o
 .debug_ranges  0x00000000       0x18 MCAL/EEPROM/eeprom.o
 .debug_line    0x00000000       0xcb MCAL/EEPROM/eeprom.o
 .debug_str     0x00000000      0x19b MCAL/EEPROM/eeprom.o
 .comment       0x00000000       0x31 MCAL/EEPROM/eeprom.o
 .debug_frame   0x00000000       0x34 MCAL/EEPROM/eeprom.o
 .text          0x00000000        0x0 MCAL/Gpt/config/Gpt_Lcfg.o
 .data          0x00000000        0x0 MCAL/Gpt/config/Gpt_Lcfg.o
 .bss           0x00000000        0x0 MCAL/Gpt/config/Gpt_Lcfg.o
 .rodata.gaStrGpt2_Configuration
                0x00000000        0x6 MCAL/Gpt/config/Gpt_Lcfg.o
 .rodata.gaStrGpt1_Configuration
                0x00000000        0x6 MCAL/Gpt/config/Gpt_Lcfg.o
 .rodata.gaStrGpt0_Configuration
                0x00000000        0x6 MCAL/Gpt/config/Gpt_Lcfg.o
 .debug_info    0x00000000      0x1bb MCAL/Gpt/config/Gpt_Lcfg.o
 .debug_abbrev  0x00000000       0x74 MCAL/Gpt/config/Gpt_Lcfg.o
 .debug_aranges
                0x00000000       0x18 MCAL/Gpt/config/Gpt_Lcfg.o
 .debug_line    0x00000000       0x73 MCAL/Gpt/config/Gpt_Lcfg.o
 .debug_str     0x00000000      0x32d MCAL/Gpt/config/Gpt_Lcfg.o
 .comment       0x00000000       0x31 MCAL/Gpt/config/Gpt_Lcfg.o
 .text          0x00000000        0x0 MCAL/Gpt/static/Gpt.o
 .data          0x00000000        0x0 MCAL/Gpt/static/Gpt.o
 .bss           0x00000000        0x0 MCAL/Gpt/static/Gpt.o
 .text.Gpt_Timer1InitReg
                0x00000000       0x10 MCAL/Gpt/static/Gpt.o
 .text.Gpt_Init
                0x00000000      0x122 MCAL/Gpt/static/Gpt.o
 .text.Gpt_StatusGet
                0x00000000       0xbe MCAL/Gpt/static/Gpt.o
 .debug_info    0x00000000      0x265 MCAL/Gpt/static/Gpt.o
 .debug_abbrev  0x00000000       0xf8 MCAL/Gpt/static/Gpt.o
 .debug_loc     0x00000000      0x1a0 MCAL/Gpt/static/Gpt.o
 .debug_aranges
                0x00000000       0x30 MCAL/Gpt/static/Gpt.o
 .debug_ranges  0x00000000       0x20 MCAL/Gpt/static/Gpt.o
 .debug_line    0x00000000      0x227 MCAL/Gpt/static/Gpt.o
 .debug_str     0x00000000      0x38a MCAL/Gpt/static/Gpt.o
 .comment       0x00000000       0x31 MCAL/Gpt/static/Gpt.o
 .debug_frame   0x00000000       0x50 MCAL/Gpt/static/Gpt.o
 .text          0x00000000        0x0 MCAL/PWM/config/Pwm_Lcfg.o
 .data          0x00000000        0x0 MCAL/PWM/config/Pwm_Lcfg.o
 .bss           0x00000000        0x0 MCAL/PWM/config/Pwm_Lcfg.o
 .rodata.gPwm2_configuration
                0x00000000        0xa MCAL/PWM/config/Pwm_Lcfg.o
 .text          0x00000000        0x0 MCAL/PWM/static/Pwm.o
 .data          0x00000000        0x0 MCAL/PWM/static/Pwm.o
 .bss           0x00000000        0x0 MCAL/PWM/static/Pwm.o
 .text.Pwm_SetDutyCycle
                0x00000000      0x120 MCAL/PWM/static/Pwm.o
 .text          0x00000000        0x0 MCAL/UART/config/UART_Lcfg.o
 .data          0x00000000        0x0 MCAL/UART/config/UART_Lcfg.o
 .bss           0x00000000        0x0 MCAL/UART/config/UART_Lcfg.o
 .text          0x00000000        0x0 MCAL/UART/static/UART.o
 .data          0x00000000        0x0 MCAL/UART/static/UART.o
 .bss           0x00000000        0x0 MCAL/UART/static/UART.o
 .text.Uart_Transmit
                0x00000000       0x14 MCAL/UART/static/UART.o
 .text.Uart_StringTransmit
                0x00000000       0x1a MCAL/UART/static/UART.o
 .text.Uart_StringReceive
                0x00000000       0x32 MCAL/UART/static/UART.o
 .text          0x00000000        0x0 c:/program files (x86)/atmel/studio/7.0/toolchain/avr8/avr8-gnu-toolchain/bin/../lib/gcc/avr/5.4.0/../../../../avr/lib/avr5\libm.a(addsf3.o)
 .data          0x00000000        0x0 c:/program files (x86)/atmel/studio/7.0/toolchain/avr8/avr8-gnu-toolchain/bin/../lib/gcc/avr/5.4.0/../../../../avr/lib/avr5\libm.a(addsf3.o)
 .bss           0x00000000        0x0 c:/program files (x86)/atmel/studio/7.0/toolchain/avr8/avr8-gnu-toolchain/bin/../lib/gcc/avr/5.4.0/../../../../avr/lib/avr5\libm.a(addsf3.o)
 .text          0x00000000        0x0 c:/program files (x86)/atmel/studio/7.0/toolchain/avr8/avr8-gnu-toolchain/bin/../lib/gcc/avr/5.4.0/../../../../avr/lib/avr5\libm.a(addsf3x.o)
 .data          0x00000000        0x0 c:/program files (x86)/atmel/studio/7.0/toolchain/avr8/avr8-gnu-toolchain/bin/../lib/gcc/avr/5.4.0/../../../../avr/lib/avr5\libm.a(addsf3x.o)
 .bss           0x00000000        0x0 c:/program files (x86)/atmel/studio/7.0/toolchain/avr8/avr8-gnu-toolchain/bin/../lib/gcc/avr/5.4.0/../../../../avr/lib/avr5\libm.a(addsf3x.o)
 .text          0x00000000        0x0 c:/program files (x86)/atmel/studio/7.0/toolchain/avr8/avr8-gnu-toolchain/bin/../lib/gcc/avr/5.4.0/../../../../avr/lib/avr5\libm.a(divsf3.o)
 .data          0x00000000        0x0 c:/program files (x86)/atmel/studio/7.0/toolchain/avr8/avr8-gnu-toolchain/bin/../lib/gcc/avr/5.4.0/../../../../avr/lib/avr5\libm.a(divsf3.o)
 .bss           0x00000000        0x0 c:/program files (x86)/atmel/studio/7.0/toolchain/avr8/avr8-gnu-toolchain/bin/../lib/gcc/avr/5.4.0/../../../../avr/lib/avr5\libm.a(divsf3.o)
 .text          0x00000000        0x0 c:/program files (x86)/atmel/studio/7.0/toolchain/avr8/avr8-gnu-toolchain/bin/../lib/gcc/avr/5.4.0/../../../../avr/lib/avr5\libm.a(divsf3x.o)
 .data          0x00000000        0x0 c:/program files (x86)/atmel/studio/7.0/toolchain/avr8/avr8-gnu-toolchain/bin/../lib/gcc/avr/5.4.0/../../../../avr/lib/avr5\libm.a(divsf3x.o)
 .bss           0x00000000        0x0 c:/program files (x86)/atmel/studio/7.0/toolchain/avr8/avr8-gnu-toolchain/bin/../lib/gcc/avr/5.4.0/../../../../avr/lib/avr5\libm.a(divsf3x.o)
 .text          0x00000000        0x0 c:/program files (x86)/atmel/studio/7.0/toolchain/avr8/avr8-gnu-toolchain/bin/../lib/gcc/avr/5.4.0/../../../../avr/lib/avr5\libm.a(fixunssfsi.o)
 .data          0x00000000        0x0 c:/program files (x86)/atmel/studio/7.0/toolchain/avr8/avr8-gnu-toolchain/bin/../lib/gcc/avr/5.4.0/../../../../avr/lib/avr5\libm.a(fixunssfsi.o)
 .bss           0x00000000        0x0 c:/program files (x86)/atmel/studio/7.0/toolchain/avr8/avr8-gnu-toolchain/bin/../lib/gcc/avr/5.4.0/../../../../avr/lib/avr5\libm.a(fixunssfsi.o)
 .text          0x00000000        0x0 c:/program files (x86)/atmel/studio/7.0/toolchain/avr8/avr8-gnu-toolchain/bin/../lib/gcc/avr/5.4.0/../../../../avr/lib/avr5\libm.a(floatsisf.o)
 .data          0x00000000        0x0 c:/program files (x86)/atmel/studio/7.0/toolchain/avr8/avr8-gnu-toolchain/bin/../lib/gcc/avr/5.4.0/../../../../avr/lib/avr5\libm.a(floatsisf.o)
 .bss           0x00000000        0x0 c:/program files (x86)/atmel/studio/7.0/toolchain/avr8/avr8-gnu-toolchain/bin/../lib/gcc/avr/5.4.0/../../../../avr/lib/avr5\libm.a(floatsisf.o)
 .text          0x00000000        0x0 c:/program files (x86)/atmel/studio/7.0/toolchain/avr8/avr8-gnu-toolchain/bin/../lib/gcc/avr/5.4.0/../../../../avr/lib/avr5\libm.a(fp_inf.o)
 .data          0x00000000        0x0 c:/program files (x86)/atmel/studio/7.0/toolchain/avr8/avr8-gnu-toolchain/bin/../lib/gcc/avr/5.4.0/../../../../avr/lib/avr5\libm.a(fp_inf.o)
 .bss           0x00000000        0x0 c:/program files (x86)/atmel/studio/7.0/toolchain/avr8/avr8-gnu-toolchain/bin/../lib/gcc/avr/5.4.0/../../../../avr/lib/avr5\libm.a(fp_inf.o)
 .text          0x00000000        0x0 c:/program files (x86)/atmel/studio/7.0/toolchain/avr8/avr8-gnu-toolchain/bin/../lib/gcc/avr/5.4.0/../../../../avr/lib/avr5\libm.a(fp_nan.o)
 .data          0x00000000        0x0 c:/program files (x86)/atmel/studio/7.0/toolchain/avr8/avr8-gnu-toolchain/bin/../lib/gcc/avr/5.4.0/../../../../avr/lib/avr5\libm.a(fp_nan.o)
 .bss           0x00000000        0x0 c:/program files (x86)/atmel/studio/7.0/toolchain/avr8/avr8-gnu-toolchain/bin/../lib/gcc/avr/5.4.0/../../../../avr/lib/avr5\libm.a(fp_nan.o)
 .text          0x00000000        0x0 c:/program files (x86)/atmel/studio/7.0/toolchain/avr8/avr8-gnu-toolchain/bin/../lib/gcc/avr/5.4.0/../../../../avr/lib/avr5\libm.a(fp_pscA.o)
 .data          0x00000000        0x0 c:/program files (x86)/atmel/studio/7.0/toolchain/avr8/avr8-gnu-toolchain/bin/../lib/gcc/avr/5.4.0/../../../../avr/lib/avr5\libm.a(fp_pscA.o)
 .bss           0x00000000        0x0 c:/program files (x86)/atmel/studio/7.0/toolchain/avr8/avr8-gnu-toolchain/bin/../lib/gcc/avr/5.4.0/../../../../avr/lib/avr5\libm.a(fp_pscA.o)
 .text          0x00000000        0x0 c:/program files (x86)/atmel/studio/7.0/toolchain/avr8/avr8-gnu-toolchain/bin/../lib/gcc/avr/5.4.0/../../../../avr/lib/avr5\libm.a(fp_pscB.o)
 .data          0x00000000        0x0 c:/program files (x86)/atmel/studio/7.0/toolchain/avr8/avr8-gnu-toolchain/bin/../lib/gcc/avr/5.4.0/../../../../avr/lib/avr5\libm.a(fp_pscB.o)
 .bss           0x00000000        0x0 c:/program files (x86)/atmel/studio/7.0/toolchain/avr8/avr8-gnu-toolchain/bin/../lib/gcc/avr/5.4.0/../../../../avr/lib/avr5\libm.a(fp_pscB.o)
 .text          0x00000000        0x0 c:/program files (x86)/atmel/studio/7.0/toolchain/avr8/avr8-gnu-toolchain/bin/../lib/gcc/avr/5.4.0/../../../../avr/lib/avr5\libm.a(fp_round.o)
 .data          0x00000000        0x0 c:/program files (x86)/atmel/studio/7.0/toolchain/avr8/avr8-gnu-toolchain/bin/../lib/gcc/avr/5.4.0/../../../../avr/lib/avr5\libm.a(fp_round.o)
 .bss           0x00000000        0x0 c:/program files (x86)/atmel/studio/7.0/toolchain/avr8/avr8-gnu-toolchain/bin/../lib/gcc/avr/5.4.0/../../../../avr/lib/avr5\libm.a(fp_round.o)
 .text          0x00000000        0x0 c:/program files (x86)/atmel/studio/7.0/toolchain/avr8/avr8-gnu-toolchain/bin/../lib/gcc/avr/5.4.0/../../../../avr/lib/avr5\libm.a(fp_split3.o)
 .data          0x00000000        0x0 c:/program files (x86)/atmel/studio/7.0/toolchain/avr8/avr8-gnu-toolchain/bin/../lib/gcc/avr/5.4.0/../../../../avr/lib/avr5\libm.a(fp_split3.o)
 .bss           0x00000000        0x0 c:/program files (x86)/atmel/studio/7.0/toolchain/avr8/avr8-gnu-toolchain/bin/../lib/gcc/avr/5.4.0/../../../../avr/lib/avr5\libm.a(fp_split3.o)
 .text          0x00000000        0x0 c:/program files (x86)/atmel/studio/7.0/toolchain/avr8/avr8-gnu-toolchain/bin/../lib/gcc/avr/5.4.0/../../../../avr/lib/avr5\libm.a(fp_zero.o)
 .data          0x00000000        0x0 c:/program files (x86)/atmel/studio/7.0/toolchain/avr8/avr8-gnu-toolchain/bin/../lib/gcc/avr/5.4.0/../../../../avr/lib/avr5\libm.a(fp_zero.o)
 .bss           0x00000000        0x0 c:/program files (x86)/atmel/studio/7.0/toolchain/avr8/avr8-gnu-toolchain/bin/../lib/gcc/avr/5.4.0/../../../../avr/lib/avr5\libm.a(fp_zero.o)
 .text          0x00000000        0x0 c:/program files (x86)/atmel/studio/7.0/toolchain/avr8/avr8-gnu-toolchain/bin/../lib/gcc/avr/5.4.0/../../../../avr/lib/avr5\libm.a(mulsf3.o)
 .data          0x00000000        0x0 c:/program files (x86)/atmel/studio/7.0/toolchain/avr8/avr8-gnu-toolchain/bin/../lib/gcc/avr/5.4.0/../../../../avr/lib/avr5\libm.a(mulsf3.o)
 .bss           0x00000000        0x0 c:/program files (x86)/atmel/studio/7.0/toolchain/avr8/avr8-gnu-toolchain/bin/../lib/gcc/avr/5.4.0/../../../../avr/lib/avr5\libm.a(mulsf3.o)
 .text          0x00000000        0x0 c:/program files (x86)/atmel/studio/7.0/toolchain/avr8/avr8-gnu-toolchain/bin/../lib/gcc/avr/5.4.0/../../../../avr/lib/avr5\libm.a(mulsf3x.o)
 .data          0x00000000        0x0 c:/program files (x86)/atmel/studio/7.0/toolchain/avr8/avr8-gnu-toolchain/bin/../lib/gcc/avr/5.4.0/../../../../avr/lib/avr5\libm.a(mulsf3x.o)
 .bss           0x00000000        0x0 c:/program files (x86)/atmel/studio/7.0/toolchain/avr8/avr8-gnu-toolchain/bin/../lib/gcc/avr/5.4.0/../../../../avr/lib/avr5\libm.a(mulsf3x.o)
 .text          0x00000000        0x0 c:/program files (x86)/atmel/studio/7.0/toolchain/avr8/avr8-gnu-toolchain/bin/../lib/gcc/avr/5.4.0/avr5\libgcc.a(_udivmodhi4.o)
 .data          0x00000000        0x0 c:/program files (x86)/atmel/studio/7.0/toolchain/avr8/avr8-gnu-toolchain/bin/../lib/gcc/avr/5.4.0/avr5\libgcc.a(_udivmodhi4.o)
 .bss           0x00000000        0x0 c:/program files (x86)/atmel/studio/7.0/toolchain/avr8/avr8-gnu-toolchain/bin/../lib/gcc/avr/5.4.0/avr5\libgcc.a(_udivmodhi4.o)
 .text.libgcc.mul
                0x00000000        0x0 c:/program files (x86)/atmel/studio/7.0/toolchain/avr8/avr8-gnu-toolchain/bin/../lib/gcc/avr/5.4.0/avr5\libgcc.a(_udivmodhi4.o)
 .text.libgcc.div
                0x00000000       0x28 c:/program files (x86)/atmel/studio/7.0/toolchain/avr8/avr8-gnu-toolchain/bin/../lib/gcc/avr/5.4.0/avr5\libgcc.a(_udivmodhi4.o)
 .text.libgcc   0x00000000        0x0 c:/program files (x86)/atmel/studio/7.0/toolchain/avr8/avr8-gnu-toolchain/bin/../lib/gcc/avr/5.4.0/avr5\libgcc.a(_udivmodhi4.o)
 .text.libgcc.prologue
                0x00000000        0x0 c:/program files (x86)/atmel/studio/7.0/toolchain/avr8/avr8-gnu-toolchain/bin/../lib/gcc/avr/5.4.0/avr5\libgcc.a(_udivmodhi4.o)
 .text.libgcc.builtins
                0x00000000        0x0 c:/program files (x86)/atmel/studio/7.0/toolchain/avr8/avr8-gnu-toolchain/bin/../lib/gcc/avr/5.4.0/avr5\libgcc.a(_udivmodhi4.o)
 .text.libgcc.fmul
                0x00000000        0x0 c:/program files (x86)/atmel/studio/7.0/toolchain/avr8/avr8-gnu-toolchain/bin/../lib/gcc/avr/5.4.0/avr5\libgcc.a(_udivmodhi4.o)
 .text.libgcc.fixed
                0x00000000        0x0 c:/program files (x86)/atmel/studio/7.0/toolchain/avr8/avr8-gnu-toolchain/bin/../lib/gcc/avr/5.4.0/avr5\libgcc.a(_udivmodhi4.o)
 .text          0x00000000        0x0 c:/program files (x86)/atmel/studio/7.0/toolchain/avr8/avr8-gnu-toolchain/bin/../lib/gcc/avr/5.4.0/avr5\libgcc.a(_exit.o)
 .data          0x00000000        0x0 c:/program files (x86)/atmel/studio/7.0/toolchain/avr8/avr8-gnu-toolchain/bin/../lib/gcc/avr/5.4.0/avr5\libgcc.a(_exit.o)
 .bss           0x00000000        0x0 c:/program files (x86)/atmel/studio/7.0/toolchain/avr8/avr8-gnu-toolchain/bin/../lib/gcc/avr/5.4.0/avr5\libgcc.a(_exit.o)
 .text.libgcc.mul
                0x00000000        0x0 c:/program files (x86)/atmel/studio/7.0/toolchain/avr8/avr8-gnu-toolchain/bin/../lib/gcc/avr/5.4.0/avr5\libgcc.a(_exit.o)
 .text.libgcc.div
                0x00000000        0x0 c:/program files (x86)/atmel/studio/7.0/toolchain/avr8/avr8-gnu-toolchain/bin/../lib/gcc/avr/5.4.0/avr5\libgcc.a(_exit.o)
 .text.libgcc   0x00000000        0x0 c:/program files (x86)/atmel/studio/7.0/toolchain/avr8/avr8-gnu-toolchain/bin/../lib/gcc/avr/5.4.0/avr5\libgcc.a(_exit.o)
 .text.libgcc.prologue
                0x00000000        0x0 c:/program files (x86)/atmel/studio/7.0/toolchain/avr8/avr8-gnu-toolchain/bin/../lib/gcc/avr/5.4.0/avr5\libgcc.a(_exit.o)
 .text.libgcc.builtins
                0x00000000        0x0 c:/program files (x86)/atmel/studio/7.0/toolchain/avr8/avr8-gnu-toolchain/bin/../lib/gcc/avr/5.4.0/avr5\libgcc.a(_exit.o)
 .text.libgcc.fmul
                0x00000000        0x0 c:/program files (x86)/atmel/studio/7.0/toolchain/avr8/avr8-gnu-toolchain/bin/../lib/gcc/avr/5.4.0/avr5\libgcc.a(_exit.o)
 .text.libgcc.fixed
                0x00000000        0x0 c:/program files (x86)/atmel/studio/7.0/toolchain/avr8/avr8-gnu-toolchain/bin/../lib/gcc/avr/5.4.0/avr5\libgcc.a(_exit.o)
 .text          0x00000000        0x0 c:/program files (x86)/atmel/studio/7.0/toolchain/avr8/avr8-gnu-toolchain/bin/../lib/gcc/avr/5.4.0/avr5\libgcc.a(_tablejump2.o)
 .data          0x00000000        0x0 c:/program files (x86)/atmel/studio/7.0/toolchain/avr8/avr8-gnu-toolchain/bin/../lib/gcc/avr/5.4.0/avr5\libgcc.a(_tablejump2.o)
 .bss           0x00000000        0x0 c:/program files (x86)/atmel/studio/7.0/toolchain/avr8/avr8-gnu-toolchain/bin/../lib/gcc/avr/5.4.0/avr5\libgcc.a(_tablejump2.o)
 .text.libgcc.mul
                0x00000000        0x0 c:/program files (x86)/atmel/studio/7.0/toolchain/avr8/avr8-gnu-toolchain/bin/../lib/gcc/avr/5.4.0/avr5\libgcc.a(_tablejump2.o)
 .text.libgcc.div
                0x00000000        0x0 c:/program files (x86)/atmel/studio/7.0/toolchain/avr8/avr8-gnu-toolchain/bin/../lib/gcc/avr/5.4.0/avr5\libgcc.a(_tablejump2.o)
 .text.libgcc.prologue
                0x00000000        0x0 c:/program files (x86)/atmel/studio/7.0/toolchain/avr8/avr8-gnu-toolchain/bin/../lib/gcc/avr/5.4.0/avr5\libgcc.a(_tablejump2.o)
 .text.libgcc.builtins
                0x00000000        0x0 c:/program files (x86)/atmel/studio/7.0/toolchain/avr8/avr8-gnu-toolchain/bin/../lib/gcc/avr/5.4.0/avr5\libgcc.a(_tablejump2.o)
 .text.libgcc.fmul
                0x00000000        0x0 c:/program files (x86)/atmel/studio/7.0/toolchain/avr8/avr8-gnu-toolchain/bin/../lib/gcc/avr/5.4.0/avr5\libgcc.a(_tablejump2.o)
 .text.libgcc.fixed
                0x00000000        0x0 c:/program files (x86)/atmel/studio/7.0/toolchain/avr8/avr8-gnu-toolchain/bin/../lib/gcc/avr/5.4.0/avr5\libgcc.a(_tablejump2.o)
 .text          0x00000000        0x0 c:/program files (x86)/atmel/studio/7.0/toolchain/avr8/avr8-gnu-toolchain/bin/../lib/gcc/avr/5.4.0/avr5\libgcc.a(_copy_data.o)
 .data          0x00000000        0x0 c:/program files (x86)/atmel/studio/7.0/toolchain/avr8/avr8-gnu-toolchain/bin/../lib/gcc/avr/5.4.0/avr5\libgcc.a(_copy_data.o)
 .bss           0x00000000        0x0 c:/program files (x86)/atmel/studio/7.0/toolchain/avr8/avr8-gnu-toolchain/bin/../lib/gcc/avr/5.4.0/avr5\libgcc.a(_copy_data.o)
 .text.libgcc.mul
                0x00000000        0x0 c:/program files (x86)/atmel/studio/7.0/toolchain/avr8/avr8-gnu-toolchain/bin/../lib/gcc/avr/5.4.0/avr5\libgcc.a(_copy_data.o)
 .text.libgcc.div
                0x00000000        0x0 c:/program files (x86)/atmel/studio/7.0/toolchain/avr8/avr8-gnu-toolchain/bin/../lib/gcc/avr/5.4.0/avr5\libgcc.a(_copy_data.o)
 .text.libgcc   0x00000000        0x0 c:/program files (x86)/atmel/studio/7.0/toolchain/avr8/avr8-gnu-toolchain/bin/../lib/gcc/avr/5.4.0/avr5\libgcc.a(_copy_data.o)
 .text.libgcc.prologue
                0x00000000        0x0 c:/program files (x86)/atmel/studio/7.0/toolchain/avr8/avr8-gnu-toolchain/bin/../lib/gcc/avr/5.4.0/avr5\libgcc.a(_copy_data.o)
 .text.libgcc.builtins
                0x00000000        0x0 c:/program files (x86)/atmel/studio/7.0/toolchain/avr8/avr8-gnu-toolchain/bin/../lib/gcc/avr/5.4.0/avr5\libgcc.a(_copy_data.o)
 .text.libgcc.fmul
                0x00000000        0x0 c:/program files (x86)/atmel/studio/7.0/toolchain/avr8/avr8-gnu-toolchain/bin/../lib/gcc/avr/5.4.0/avr5\libgcc.a(_copy_data.o)
 .text.libgcc.fixed
                0x00000000        0x0 c:/program files (x86)/atmel/studio/7.0/toolchain/avr8/avr8-gnu-toolchain/bin/../lib/gcc/avr/5.4.0/avr5\libgcc.a(_copy_data.o)
 .text          0x00000000        0x0 c:/program files (x86)/atmel/studio/7.0/toolchain/avr8/avr8-gnu-toolchain/bin/../lib/gcc/avr/5.4.0/avr5\libgcc.a(_clear_bss.o)
 .data          0x00000000        0x0 c:/program files (x86)/atmel/studio/7.0/toolchain/avr8/avr8-gnu-toolchain/bin/../lib/gcc/avr/5.4.0/avr5\libgcc.a(_clear_bss.o)
 .bss           0x00000000        0x0 c:/program files (x86)/atmel/studio/7.0/toolchain/avr8/avr8-gnu-toolchain/bin/../lib/gcc/avr/5.4.0/avr5\libgcc.a(_clear_bss.o)
 .text.libgcc.mul
                0x00000000        0x0 c:/program files (x86)/atmel/studio/7.0/toolchain/avr8/avr8-gnu-toolchain/bin/../lib/gcc/avr/5.4.0/avr5\libgcc.a(_clear_bss.o)
 .text.libgcc.div
                0x00000000        0x0 c:/program files (x86)/atmel/studio/7.0/toolchain/avr8/avr8-gnu-toolchain/bin/../lib/gcc/avr/5.4.0/avr5\libgcc.a(_clear_bss.o)
 .text.libgcc   0x00000000        0x0 c:/program files (x86)/atmel/studio/7.0/toolchain/avr8/avr8-gnu-toolchain/bin/../lib/gcc/avr/5.4.0/avr5\libgcc.a(_clear_bss.o)
 .text.libgcc.prologue
                0x00000000        0x0 c:/program files (x86)/atmel/studio/7.0/toolchain/avr8/avr8-gnu-toolchain/bin/../lib/gcc/avr/5.4.0/avr5\libgcc.a(_clear_bss.o)
 .text.libgcc.builtins
                0x00000000        0x0 c:/program files (x86)/atmel/studio/7.0/toolchain/avr8/avr8-gnu-toolchain/bin/../lib/gcc/avr/5.4.0/avr5\libgcc.a(_clear_bss.o)
 .text.libgcc.fmul
                0x00000000        0x0 c:/program files (x86)/atmel/studio/7.0/toolchain/avr8/avr8-gnu-toolchain/bin/../lib/gcc/avr/5.4.0/avr5\libgcc.a(_clear_bss.o)
 .text.libgcc.fixed
                0x00000000        0x0 c:/program files (x86)/atmel/studio/7.0/toolchain/avr8/avr8-gnu-toolchain/bin/../lib/gcc/avr/5.4.0/avr5\libgcc.a(_clear_bss.o)
 .text          0x00000000        0x0 c:/program files (x86)/atmel/studio/7.0/toolchain/avr8/avr8-gnu-toolchain/bin/../lib/gcc/avr/5.4.0/avr5\libgcc.a(_umulhisi3.o)
 .data          0x00000000        0x0 c:/program files (x86)/atmel/studio/7.0/toolchain/avr8/avr8-gnu-toolchain/bin/../lib/gcc/avr/5.4.0/avr5\libgcc.a(_umulhisi3.o)
 .bss           0x00000000        0x0 c:/program files (x86)/atmel/studio/7.0/toolchain/avr8/avr8-gnu-toolchain/bin/../lib/gcc/avr/5.4.0/avr5\libgcc.a(_umulhisi3.o)
 .text.libgcc.div
                0x00000000        0x0 c:/program files (x86)/atmel/studio/7.0/toolchain/avr8/avr8-gnu-toolchain/bin/../lib/gcc/avr/5.4.0/avr5\libgcc.a(_umulhisi3.o)
 .text.libgcc   0x00000000        0x0 c:/program files (x86)/atmel/studio/7.0/toolchain/avr8/avr8-gnu-toolchain/bin/../lib/gcc/avr/5.4.0/avr5\libgcc.a(_umulhisi3.o)
 .text.libgcc.prologue
                0x00000000        0x0 c:/program files (x86)/atmel/studio/7.0/toolchain/avr8/avr8-gnu-toolchain/bin/../lib/gcc/avr/5.4.0/avr5\libgcc.a(_umulhisi3.o)
 .text.libgcc.builtins
                0x00000000        0x0 c:/program files (x86)/atmel/studio/7.0/toolchain/avr8/avr8-gnu-toolchain/bin/../lib/gcc/avr/5.4.0/avr5\libgcc.a(_umulhisi3.o)
 .text.libgcc.fmul
                0x00000000        0x0 c:/program files (x86)/atmel/studio/7.0/toolchain/avr8/avr8-gnu-toolchain/bin/../lib/gcc/avr/5.4.0/avr5\libgcc.a(_umulhisi3.o)
 .text.libgcc.fixed
                0x00000000        0x0 c:/program files (x86)/atmel/studio/7.0/toolchain/avr8/avr8-gnu-toolchain/bin/../lib/gcc/avr/5.4.0/avr5\libgcc.a(_umulhisi3.o)
 .text          0x00000000        0x0 c:/program files (x86)/atmel/studio/7.0/toolchain/avr8/avr8-gnu-toolchain/bin/../lib/gcc/avr/5.4.0/../../../../avr/lib/avr5\libc.a(itoa_ncheck.o)
 .data          0x00000000        0x0 c:/program files (x86)/atmel/studio/7.0/toolchain/avr8/avr8-gnu-toolchain/bin/../lib/gcc/avr/5.4.0/../../../../avr/lib/avr5\libc.a(itoa_ncheck.o)
 .bss           0x00000000        0x0 c:/program files (x86)/atmel/studio/7.0/toolchain/avr8/avr8-gnu-toolchain/bin/../lib/gcc/avr/5.4.0/../../../../avr/lib/avr5\libc.a(itoa_ncheck.o)
 .text.avr-libc
                0x00000000       0x16 c:/program files (x86)/atmel/studio/7.0/toolchain/avr8/avr8-gnu-toolchain/bin/../lib/gcc/avr/5.4.0/../../../../avr/lib/avr5\libc.a(itoa_ncheck.o)
 .text          0x00000000        0x0 c:/program files (x86)/atmel/studio/7.0/toolchain/avr8/avr8-gnu-toolchain/bin/../lib/gcc/avr/5.4.0/../../../../avr/lib/avr5\libc.a(utoa_ncheck.o)
 .data          0x00000000        0x0 c:/program files (x86)/atmel/studio/7.0/toolchain/avr8/avr8-gnu-toolchain/bin/../lib/gcc/avr/5.4.0/../../../../avr/lib/avr5\libc.a(utoa_ncheck.o)
 .bss           0x00000000        0x0 c:/program files (x86)/atmel/studio/7.0/toolchain/avr8/avr8-gnu-toolchain/bin/../lib/gcc/avr/5.4.0/../../../../avr/lib/avr5\libc.a(utoa_ncheck.o)
 .text.avr-libc
                0x00000000       0x34 c:/program files (x86)/atmel/studio/7.0/toolchain/avr8/avr8-gnu-toolchain/bin/../lib/gcc/avr/5.4.0/../../../../avr/lib/avr5\libc.a(utoa_ncheck.o)
 .text          0x00000000        0x0 c:/program files (x86)/atmel/studio/7.0/toolchain/avr8/avr8-gnu-toolchain/bin/../lib/gcc/avr/5.4.0/../../../../avr/lib/avr5\libc.a(strrev.o)
 .data          0x00000000        0x0 c:/program files (x86)/atmel/studio/7.0/toolchain/avr8/avr8-gnu-toolchain/bin/../lib/gcc/avr/5.4.0/../../../../avr/lib/avr5\libc.a(strrev.o)
 .bss           0x00000000        0x0 c:/program files (x86)/atmel/studio/7.0/toolchain/avr8/avr8-gnu-toolchain/bin/../lib/gcc/avr/5.4.0/../../../../avr/lib/avr5\libc.a(strrev.o)
 .text.avr-libc
                0x00000000       0x20 c:/program files (x86)/atmel/studio/7.0/toolchain/avr8/avr8-gnu-toolchain/bin/../lib/gcc/avr/5.4.0/../../../../avr/lib/avr5\libc.a(strrev.o)

Memory Configuration

Name             Origin             Length             Attributes
text             0x00000000         0x00008000         xr
data             0x00800060         0x00000800         rw !x
eeprom           0x00810000         0x00000400         rw !x
fuse             0x00820000         0x00000002         rw !x
lock             0x00830000         0x00000400         rw !x
signature        0x00840000         0x00000400         rw !x
user_signatures  0x00850000         0x00000400         rw !x
*default*        0x00000000         0xffffffff

Linker script and memory map

LOAD C:/Program Files (x86)/Atmel/Studio/7.0/Packs/atmel/ATmega_DFP/1.6.364/gcc/dev/atmega32a/avr5/crtatmega32a.o
LOAD HAL/Buzzer/BUZZER.o
LOAD HAL/DC_Motor_AirCondition/DC_Motor.o
LOAD HAL/DimmingLed/DimmingLed.o
LOAD HAL/HC05/HC-05.o
LOAD HAL/Keypad/KeyPad.o
LOAD HAL/LCD/LCD.o
LOAD HAL/LED/LED_Interface.o
LOAD HAL/POT/Pot.o
LOAD HAL/Relay/Relay.o
LOAD HAL/Servo_Motor/Servo_motor.o
LOAD HAL/Temp_Sensor/Temp_Sensor.o
LOAD main.o
LOAD MCAL/ADC/config/ADC_Lcfg.o
LOAD MCAL/ADC/static/ADC.o
LOAD MCAL/DIO/Dio.o
LOAD MCAL/EEPROM/eeprom.o
LOAD MCAL/Gpt/config/Gpt_Lcfg.o
LOAD MCAL/Gpt/static/Gpt.o
LOAD MCAL/PWM/config/Pwm_Lcfg.o
LOAD MCAL/PWM/static/Pwm.o
LOAD MCAL/UART/config/UART_Lcfg.o
LOAD MCAL/UART/static/UART.o
START GROUP
LOAD c:/program files (x86)/atmel/studio/7.0/toolchain/avr8/avr8-gnu-toolchain/bin/../lib/gcc/avr/5.4.0/../../../../avr/lib/avr5\libm.a
END GROUP
START GROUP
LOAD c:/program files (x86)/atmel/studio/7.0/toolchain/avr8/avr8-gnu-toolchain/bin/../lib/gcc/avr/5.4.0/avr5\libgcc.a
LOAD c:/program files (x86)/atmel/studio/7.0/toolchain/avr8/avr8-gnu-toolchain/bin/../lib/gcc/avr/5.4.0/../../../../avr/lib/avr5\libm.a
LOAD c:/program files (x86)/atmel/studio/7.0/toolchain/avr8/avr8-gnu-toolchain/bin/../lib/gcc/avr/5.4.0/../../../../avr/lib/avr5\libc.a
LOAD C:/Program Files (x86)/Atmel/Studio/7.0/Packs/atmel/ATmega_DFP/1.6.364/gcc/dev/atmega32a/avr5\libatmega32a.a
END GROUP
                [0x00000000]                __TEXT_REGION_ORIGIN__ = DEFINED (__TEXT_REGION_ORIGIN__)?__TEXT_REGION_ORIGIN__:0x0
                [0x00800060]                __DATA_REGION_ORIGIN__ = DEFINED (__DATA_REGION_ORIGIN__)?__DATA_REGION_ORIGIN__:0x800060
                [0x00008000]                __TEXT_REGION_LENGTH__ = DEFINED (__TEXT_REGION_LENGTH__)?__TEXT_REGION_LENGTH__:0x20000
                [0x00000800]                __DATA_REGION_LENGTH__ = DEFINED (__DATA_REGION_LENGTH__)?__DATA_REGION_LENGTH__:0xffa0
                [0x00000400]                __EEPROM_REGION_LENGTH__ = DEFINED (__EEPROM_REGION_LENGTH__)?__EEPROM_REGION_LENGTH__:0x10000
                [0x00000002]                __FUSE_REGION_LENGTH__ = DEFINED (__FUSE_REGION_LENGTH__)?__FUSE_REGION_LENGTH__:0x400
                0x00000400                __LOCK_REGION_LENGTH__ = DEFINED (__LOCK_REGION_LENGTH__)?__LOCK_REGION_LENGTH__:0x400
                0x00000400                __SIGNATURE_REGION_LENGTH__ = DEFINED (__SIGNATURE_REGION_LENGTH__)?__SIGNATURE_REGION_LENGTH__:0x400
                0x00000400                __USER_SIGNATURE_REGION_LENGTH__ = DEFINED (__USER_SIGNATURE_REGION_LENGTH__)?__USER_SIGNATURE_REGION_LENGTH__:0x400

.hash
 *(.hash)

.dynsym
 *(.dynsym)

.dynstr
 *(.dynstr)

.gnu.version
 *(.gnu.version)

.gnu.version_d
 *(.gnu.version_d)

.gnu.version_r
 *(.gnu.version_r)

.rel.init
 *(.rel.init)

.rela.init
 *(.rela.init)

.rel.text
 *(.rel.text)
 *(.rel.text.*)
 *(.rel.gnu.linkonce.t*)

.rela.text
 *(.rela.text)
 *(.rela.text.*)
 *(.rela.gnu.linkonce.t*)

.rel.fini
 *(.rel.fini)

.rela.fini
 *(.rela.fini)

.rel.rodata
 *(.rel.rodata)
 *(.rel.rodata.*)
 *(.rel.gnu.linkonce.r*)

.rela.rodata
 *(.rela.rodata)
 *(.rela.rodata.*)
 *(.rela.gnu.linkonce.r*)

.rel.data
 *(.rel.data)
 *(.rel.data.*)
 *(.rel.gnu.linkonce.d*)

.rela.data
 *(.rela.data)
 *(.rela.data.*)
 *(.rela.gnu.linkonce.d*)

.rel.ctors
 *(.rel.ctors)

.rela.ctors
 *(.rela.ctors)

.rel.dtors
 *(.rel.dtors)

.rela.dtors
 *(.rela.dtors)

.rel.got
 *(.rel.got)

.rela.got
 *(.rela.got)

.rel.bss
 *(.rel.bss)

.rela.bss
 *(.rela.bss)

.rel.plt
 *(.rel.plt)

.rela.plt
 *(.rela.plt)

.text           0x00000000      0xbf8
 *(.vectors)
 .vectors       0x00000000       0x54 C:/Program Files (x86)/Atmel/Studio/7.0/Packs/atmel/ATmega_DFP/1.6.364/gcc/dev/atmega32a/avr5/crtatmega32a.o
                0x00000000                __vector_default
                0x00000000                __vectors
 *(.vectors)
 *(.progmem.gcc*)
 .progmem.gcc_sw_table.DioChannelWrite
                0x00000054       0x10 MCAL/DIO/Dio.o
                0x00000064                . = ALIGN (0x2)
                0x00000064                __trampolines_start = .
 *(.trampolines)
 .trampolines   0x00000064        0x0 linker stubs
 *(.trampolines*)
                0x00000064                __trampolines_end = .
 *libprintf_flt.a:*(.progmem.data)
 *libc.a:*(.progmem.data)
 *(.progmem*)
                0x00000064                . = ALIGN (0x2)
 *(.jumptables)
 *(.jumptables*)
 *(.lowtext)
 *(.lowtext*)
                0x00000064                __ctors_start = .
 *(.ctors)
                0x00000064                __ctors_end = .
                0x00000064                __dtors_start = .
 *(.dtors)
                0x00000064                __dtors_end = .
 SORT(*)(.ctors)
 SORT(*)(.dtors)
 *(.init0)
 .init0         0x00000064        0x0 C:/Program Files (x86)/Atmel/Studio/7.0/Packs/atmel/ATmega_DFP/1.6.364/gcc/dev/atmega32a/avr5/crtatmega32a.o
                0x00000064                __init
 *(.init0)
 *(.init1)
 *(.init1)
 *(.init2)
 .init2         0x00000064        0xc C:/Program Files (x86)/Atmel/Studio/7.0/Packs/atmel/ATmega_DFP/1.6.364/gcc/dev/atmega32a/avr5/crtatmega32a.o
 *(.init2)
 *(.init3)
 *(.init3)
 *(.init4)
 .init4         0x00000070       0x16 c:/program files (x86)/atmel/studio/7.0/toolchain/avr8/avr8-gnu-toolchain/bin/../lib/gcc/avr/5.4.0/avr5\libgcc.a(_copy_data.o)
                0x00000070                __do_copy_data
 .init4         0x00000086       0x10 c:/program files (x86)/atmel/studio/7.0/toolchain/avr8/avr8-gnu-toolchain/bin/../lib/gcc/avr/5.4.0/avr5\libgcc.a(_clear_bss.o)
                0x00000086                __do_clear_bss
 *(.init4)
 *(.init5)
 *(.init5)
 *(.init6)
 *(.init6)
 *(.init7)
 *(.init7)
 *(.init8)
 *(.init8)
 *(.init9)
 .init9         0x00000096        0x8 C:/Program Files (x86)/Atmel/Studio/7.0/Packs/atmel/ATmega_DFP/1.6.364/gcc/dev/atmega32a/avr5/crtatmega32a.o
 *(.init9)
 *(.text)
 .text          0x0000009e        0x4 C:/Program Files (x86)/Atmel/Studio/7.0/Packs/atmel/ATmega_DFP/1.6.364/gcc/dev/atmega32a/avr5/crtatmega32a.o
                0x0000009e                __vector_1
                0x0000009e                __vector_12
                0x0000009e                __bad_interrupt
                0x0000009e                __vector_6
                0x0000009e                __vector_3
                0x0000009e                __vector_11
                0x0000009e                __vector_13
                0x0000009e                __vector_17
                0x0000009e                __vector_19
                0x0000009e                __vector_7
                0x0000009e                __vector_5
                0x0000009e                __vector_4
                0x0000009e                __vector_9
                0x0000009e                __vector_2
                0x0000009e                __vector_15
                0x0000009e                __vector_8
                0x0000009e                __vector_14
                0x0000009e                __vector_10
                0x0000009e                __vector_16
                0x0000009e                __vector_18
                0x0000009e                __vector_20
                0x000000a2                . = ALIGN (0x2)
 *(.text.*)
 .text.DimmingLed_Init
                0x000000a2       0x22 HAL/DimmingLed/DimmingLed.o
                0x000000a2                DimmingLed_Init
 .text.Pot_Init
                0x000000c4        0xa HAL/POT/Pot.o
                0x000000c4                Pot_Init
 .text.Relay_Init
                0x000000ce        0xe HAL/Relay/Relay.o
                0x000000ce                Relay_Init
 .text.Relay_StateSet
                0x000000dc        0xe HAL/Relay/Relay.o
                0x000000dc                Relay_StateSet
 .text.ServoMotor_Init
                0x000000ea       0x1e HAL/Servo_Motor/Servo_motor.o
                0x000000ea                ServoMotor_Init
 .text.ServoMotor_Rotate90
                0x00000108       0x1c HAL/Servo_Motor/Servo_motor.o
                0x00000108                ServoMotor_Rotate90
 .text.ServoMotor_Rotate0
                0x00000124       0x1c HAL/Servo_Motor/Servo_motor.o
                0x00000124                ServoMotor_Rotate0
 .text.main     0x00000140       0x5e main.o
                0x00000140                main
 .text.Adc_Init
                0x0000019e       0x7e MCAL/ADC/static/ADC.o
                0x0000019e                Adc_Init
 .text.DioDirectionSet
                0x0000021c       0x3c MCAL/DIO/Dio.o
                0x0000021c                DioDirectionSet
 .text.DioChannelWrite
                0x00000258      0x106 MCAL/DIO/Dio.o
                0x00000258                DioChannelWrite
 .text.Pwm_Timer1InitReg
                0x0000035e       0x10 MCAL/PWM/static/Pwm.o
 .text.Pwm_Init
                0x0000036e      0x254 MCAL/PWM/static/Pwm.o
                0x0000036e                Pwm_Init
 .text.Uart_Init
                0x000005c2      0x1b6 MCAL/UART/static/UART.o
                0x000005c2                Uart_Init
 .text.Uart_StatusGet
                0x00000778       0x26 MCAL/UART/static/UART.o
                0x00000778                Uart_StatusGet
 .text.Uart_Receive
                0x0000079e       0x1a MCAL/UART/static/UART.o
                0x0000079e                Uart_Receive
 .text.avr-libc.fplib
                0x000007b8        0xe c:/program files (x86)/atmel/studio/7.0/toolchain/avr8/avr8-gnu-toolchain/bin/../lib/gcc/avr/5.4.0/../../../../avr/lib/avr5\libm.a(addsf3.o)
                0x000007b8                __subsf3
                0x000007ba                __addsf3
 .text.avr-libc.fplib
                0x000007c6       0xcc c:/program files (x86)/atmel/studio/7.0/toolchain/avr8/avr8-gnu-toolchain/bin/../lib/gcc/avr/5.4.0/../../../../avr/lib/avr5\libm.a(addsf3x.o)
                0x000007e8                __addsf3x
 .text.avr-libc.fplib
                0x00000892        0x8 c:/program files (x86)/atmel/studio/7.0/toolchain/avr8/avr8-gnu-toolchain/bin/../lib/gcc/avr/5.4.0/../../../../avr/lib/avr5\libm.a(divsf3.o)
                0x00000892                __divsf3
 .text.avr-libc.fplib
                0x0000089a       0xdc c:/program files (x86)/atmel/studio/7.0/toolchain/avr8/avr8-gnu-toolchain/bin/../lib/gcc/avr/5.4.0/../../../../avr/lib/avr5\libm.a(divsf3x.o)
                0x000008ba                __divsf3x
                0x000008c0                __divsf3_pse
 .text.avr-libc.fplib
                0x00000976       0x5e c:/program files (x86)/atmel/studio/7.0/toolchain/avr8/avr8-gnu-toolchain/bin/../lib/gcc/avr/5.4.0/../../../../avr/lib/avr5\libm.a(fixunssfsi.o)
                0x00000976                __fixunssfsi
 .text.avr-libc.fplib
                0x000009d4       0x7a c:/program files (x86)/atmel/studio/7.0/toolchain/avr8/avr8-gnu-toolchain/bin/../lib/gcc/avr/5.4.0/../../../../avr/lib/avr5\libm.a(floatsisf.o)
                0x000009d4                __floatunsisf
                0x000009d8                __floatsisf
 .text.avr-libc.fplib
                0x00000a4e        0xc c:/program files (x86)/atmel/studio/7.0/toolchain/avr8/avr8-gnu-toolchain/bin/../lib/gcc/avr/5.4.0/../../../../avr/lib/avr5\libm.a(fp_inf.o)
                0x00000a4e                __fp_inf
 .text.avr-libc.fplib
                0x00000a5a        0x6 c:/program files (x86)/atmel/studio/7.0/toolchain/avr8/avr8-gnu-toolchain/bin/../lib/gcc/avr/5.4.0/../../../../avr/lib/avr5\libm.a(fp_nan.o)
                0x00000a5a                __fp_nan
 .text.avr-libc.fplib
                0x00000a60        0xe c:/program files (x86)/atmel/studio/7.0/toolchain/avr8/avr8-gnu-toolchain/bin/../lib/gcc/avr/5.4.0/../../../../avr/lib/avr5\libm.a(fp_pscA.o)
                0x00000a60                __fp_pscA
 .text.avr-libc.fplib
                0x00000a6e        0xe c:/program files (x86)/atmel/studio/7.0/toolchain/avr8/avr8-gnu-toolchain/bin/../lib/gcc/avr/5.4.0/../../../../avr/lib/avr5\libm.a(fp_pscB.o)
                0x00000a6e                __fp_pscB
 .text.avr-libc.fplib
                0x00000a7c       0x22 c:/program files (x86)/atmel/studio/7.0/toolchain/avr8/avr8-gnu-toolchain/bin/../lib/gcc/avr/5.4.0/../../../../avr/lib/avr5\libm.a(fp_round.o)
                0x00000a7c                __fp_round
 .text.avr-libc.fplib
                0x00000a9e       0x44 c:/program files (x86)/atmel/studio/7.0/toolchain/avr8/avr8-gnu-toolchain/bin/../lib/gcc/avr/5.4.0/../../../../avr/lib/avr5\libm.a(fp_split3.o)
                0x00000a9e                __fp_split3
                0x00000aae                __fp_splitA
 .text.avr-libc.fplib
                0x00000ae2        0xe c:/program files (x86)/atmel/studio/7.0/toolchain/avr8/avr8-gnu-toolchain/bin/../lib/gcc/avr/5.4.0/../../../../avr/lib/avr5\libm.a(fp_zero.o)
                0x00000ae2                __fp_zero
                0x00000ae4                __fp_szero
 .text.avr-libc.fplib
                0x00000af0        0x8 c:/program files (x86)/atmel/studio/7.0/toolchain/avr8/avr8-gnu-toolchain/bin/../lib/gcc/avr/5.4.0/../../../../avr/lib/avr5\libm.a(mulsf3.o)
                0x00000af0                __mulsf3
 .text.avr-libc.fplib
                0x00000af8       0xd2 c:/program files (x86)/atmel/studio/7.0/toolchain/avr8/avr8-gnu-toolchain/bin/../lib/gcc/avr/5.4.0/../../../../avr/lib/avr5\libm.a(mulsf3x.o)
                0x00000b16                __mulsf3x
                0x00000b1c                __mulsf3_pse
 .text.libgcc   0x00000bca        0xc c:/program files (x86)/atmel/studio/7.0/toolchain/avr8/avr8-gnu-toolchain/bin/../lib/gcc/avr/5.4.0/avr5\libgcc.a(_tablejump2.o)
                0x00000bca                __tablejump2__
 .text.libgcc.mul
                0x00000bd6       0x1e c:/program files (x86)/atmel/studio/7.0/toolchain/avr8/avr8-gnu-toolchain/bin/../lib/gcc/avr/5.4.0/avr5\libgcc.a(_umulhisi3.o)
                0x00000bd6                __umulhisi3
                0x00000bf4                . = ALIGN (0x2)
 *(.fini9)
 .fini9         0x00000bf4        0x0 c:/program files (x86)/atmel/studio/7.0/toolchain/avr8/avr8-gnu-toolchain/bin/../lib/gcc/avr/5.4.0/avr5\libgcc.a(_exit.o)
                0x00000bf4                _exit
                0x00000bf4                exit
 *(.fini9)
 *(.fini8)
 *(.fini8)
 *(.fini7)
 *(.fini7)
 *(.fini6)
 *(.fini6)
 *(.fini5)
 *(.fini5)
 *(.fini4)
 *(.fini4)
 *(.fini3)
 *(.fini3)
 *(.fini2)
 *(.fini2)
 *(.fini1)
 *(.fini1)
 *(.fini0)
 .fini0         0x00000bf4        0x4 c:/program files (x86)/atmel/studio/7.0/toolchain/avr8/avr8-gnu-toolchain/bin/../lib/gcc/avr/5.4.0/avr5\libgcc.a(_exit.o)
 *(.fini0)
                0x00000bf8                _etext = .

.data           0x00800060       0x2a load address 0x00000bf8
                0x00800060                PROVIDE (__data_start, .)
 *(.data)
 *(.data*)
 .data.gStrUart_Configuration
                0x00800060        0xd MCAL/UART/config/UART_Lcfg.o
                0x00800060                gStrUart_Configuration
 *(.gnu.linkonce.d*)
 *(.rodata)
 *(.rodata*)
 .rodata.gPotAdc_Configuration
                0x0080006d        0x9 MCAL/ADC/config/ADC_Lcfg.o
                0x0080006d                gPotAdc_Configuration
 .rodata.gPwm1_configuration
                0x00800076        0xa MCAL/PWM/config/Pwm_Lcfg.o
                0x00800076                gPwm1_configuration
 .rodata.gPwm0_configuration
                0x00800080        0xa MCAL/PWM/config/Pwm_Lcfg.o
                0x00800080                gPwm0_configuration
 *(.gnu.linkonce.r*)
                0x0080008a                . = ALIGN (0x2)
                0x0080008a                _edata = .
                0x0080008a                PROVIDE (__data_end, .)

.bss            0x0080008a        0x2
                0x0080008a                PROVIDE (__bss_start, .)
 *(.bss)
 *(.bss*)
 .bss.gu16TimerTopValue
                0x0080008a        0x2 MCAL/PWM/static/Pwm.o
 *(COMMON)
                0x0080008c                PROVIDE (__bss_end, .)
                0x00000bf8                __data_load_start = LOADADDR (.data)
                0x00000c22                __data_load_end = (__data_load_start + SIZEOF (.data))

.noinit         0x0080008c        0x0
                [!provide]                PROVIDE (__noinit_start, .)
 *(.noinit*)
                [!provide]                PROVIDE (__noinit_end, .)
                0x0080008c                _end = .
                [!provide]                PROVIDE (__heap_start, .)

.eeprom         0x00810000        0x0
 *(.eeprom*)
                0x00810000                __eeprom_end = .

.fuse
 *(.fuse)
 *(.lfuse)
 *(.hfuse)
 *(.efuse)

.lock
 *(.lock*)

.signature
 *(.signature*)

.user_signatures
 *(.user_signatures*)

.stab
 *(.stab)

.stabstr
 *(.stabstr)

.stab.excl
 *(.stab.excl)

.stab.exclstr
 *(.stab.exclstr)

.stab.index
 *(.stab.index)

.stab.indexstr
 *(.stab.indexstr)

.comment        0x00000000       0x30
 *(.comment)
 .comment       0x00000000       0x30 HAL/DimmingLed/DimmingLed.o
                                 0x31 (size before relaxing)
 .comment       0x00000030       0x31 HAL/POT/Pot.o
 .comment       0x00000030       0x31 HAL/Relay/Relay.o
 .comment       0x00000030       0x31 HAL/Servo_Motor/Servo_motor.o
 .comment       0x00000030       0x31 main.o
 .comment       0x00000030       0x31 MCAL/ADC/config/ADC_Lcfg.o
 .comment       0x00000030       0x31 MCAL/ADC/static/ADC.o
 .comment       0x00000030       0x31 MCAL/DIO/Dio.o
 .comment       0x00000030       0x31 MCAL/PWM/config/Pwm_Lcfg.o
 .comment       0x00000030       0x31 MCAL/PWM/static/Pwm.o
 .comment       0x00000030       0x31 MCAL/UART/config/UART_Lcfg.o
 .comment       0x00000030       0x31 MCAL/UART/static/UART.o

.note.gnu.avr.deviceinfo
                0x00000000       0x3c
 .note.gnu.avr.deviceinfo
                0x00000000       0x3c C:/Program Files (x86)/Atmel/Studio/7.0/Packs/atmel/ATmega_DFP/1.6.364/gcc/dev/atmega32a/avr5/crtatmega32a.o

.note.gnu.build-id
 *(.note.gnu.build-id)

.debug
 *(.debug)

.line
 *(.line)

.debug_srcinfo
 *(.debug_srcinfo)

.debug_sfnames
 *(.debug_sfnames)

.debug_aranges  0x00000000      0x220
 *(.debug_aranges)
 .debug_aranges
                0x00000000       0x28 HAL/DimmingLed/DimmingLed.o
 .debug_aranges
                0x00000028       0x30 HAL/POT/Pot.o
 .debug_aranges
                0x00000058       0x28 HAL/Relay/Relay.o
 .debug_aranges
                0x00000080       0x38 HAL/Servo_Motor/Servo_motor.o
 .debug_aranges
                0x000000b8       0x20 main.o
 .debug_aranges
                0x000000d8       0x18 MCAL/ADC/config/ADC_Lcfg.o
 .debug_aranges
                0x000000f0       0x40 MCAL/ADC/static/ADC.o
 .debug_aranges
                0x00000130       0x48 MCAL/DIO/Dio.o
 .debug_aranges
                0x00000178       0x18 MCAL/PWM/config/Pwm_Lcfg.o
 .debug_aranges
                0x00000190       0x30 MCAL/PWM/static/Pwm.o
 .debug_aranges
                0x000001c0       0x18 MCAL/UART/config/UART_Lcfg.o
 .debug_aranges
                0x000001d8       0x48 MCAL/UART/static/UART.o

.debug_pubnames
 *(.debug_pubnames)

.debug_info     0x00000000     0x2a44
 *(.debug_info .gnu.linkonce.wi.*)
 .debug_info    0x00000000      0x4e6 C:/Program Files (x86)/Atmel/Studio/7.0/Packs/atmel/ATmega_DFP/1.6.364/gcc/dev/atmega32a/avr5/crtatmega32a.o
 .debug_info    0x000004e6      0x2ea HAL/DimmingLed/DimmingLed.o
 .debug_info    0x000007d0      0x3b1 HAL/POT/Pot.o
 .debug_info    0x00000b81      0x186 HAL/Relay/Relay.o
 .debug_info    0x00000d07      0x3c8 HAL/Servo_Motor/Servo_motor.o
 .debug_info    0x000010cf      0x463 main.o
 .debug_info    0x00001532      0x2c1 MCAL/ADC/config/ADC_Lcfg.o
 .debug_info    0x000017f3      0x3e7 MCAL/ADC/static/ADC.o
 .debug_info    0x00001bda      0x27d MCAL/DIO/Dio.o
 .debug_info    0x00001e57      0x1d7 MCAL/PWM/config/Pwm_Lcfg.o
 .debug_info    0x0000202e      0x25f MCAL/PWM/static/Pwm.o
 .debug_info    0x0000228d      0x2f6 MCAL/UART/config/UART_Lcfg.o
 .debug_info    0x00002583      0x4c1 MCAL/UART/static/UART.o

.debug_abbrev   0x00000000      0xece
 *(.debug_abbrev)
 .debug_abbrev  0x00000000      0x4a3 C:/Program Files (x86)/Atmel/Studio/7.0/Packs/atmel/ATmega_DFP/1.6.364/gcc/dev/atmega32a/avr5/crtatmega32a.o
 .debug_abbrev  0x000004a3       0xfc HAL/DimmingLed/DimmingLed.o
 .debug_abbrev  0x0000059f      0x102 HAL/POT/Pot.o
 .debug_abbrev  0x000006a1       0x98 HAL/Relay/Relay.o
 .debug_abbrev  0x00000739      0x139 HAL/Servo_Motor/Servo_motor.o
 .debug_abbrev  0x00000872       0xff main.o
 .debug_abbrev  0x00000971       0x74 MCAL/ADC/config/ADC_Lcfg.o
 .debug_abbrev  0x000009e5       0xe9 MCAL/ADC/static/ADC.o
 .debug_abbrev  0x00000ace       0xe0 MCAL/DIO/Dio.o
 .debug_abbrev  0x00000bae       0x74 MCAL/PWM/config/Pwm_Lcfg.o
 .debug_abbrev  0x00000c22       0xe5 MCAL/PWM/static/Pwm.o
 .debug_abbrev  0x00000d07       0x7f MCAL/UART/config/UART_Lcfg.o
 .debug_abbrev  0x00000d86      0x148 MCAL/UART/static/UART.o

.debug_line     0x00000000      0xfb8
 *(.debug_line .debug_line.* .debug_line_end)
 .debug_line    0x00000000      0x116 C:/Program Files (x86)/Atmel/Studio/7.0/Packs/atmel/ATmega_DFP/1.6.364/gcc/dev/atmega32a/avr5/crtatmega32a.o
 .debug_line    0x00000116       0xbf HAL/DimmingLed/DimmingLed.o
 .debug_line    0x000001d5       0xde HAL/POT/Pot.o
 .debug_line    0x000002b3       0x9a HAL/Relay/Relay.o
 .debug_line    0x0000034d      0x1d2 HAL/Servo_Motor/Servo_motor.o
 .debug_line    0x0000051f      0x145 main.o
 .debug_line    0x00000664       0x57 MCAL/ADC/config/ADC_Lcfg.o
 .debug_line    0x000006bb      0x196 MCAL/ADC/static/ADC.o
 .debug_line    0x00000851      0x283 MCAL/DIO/Dio.o
 .debug_line    0x00000ad4       0x73 MCAL/PWM/config/Pwm_Lcfg.o
 .debug_line    0x00000b47      0x219 MCAL/PWM/static/Pwm.o
 .debug_line    0x00000d60       0x5b MCAL/UART/config/UART_Lcfg.o
 .debug_line    0x00000dbb      0x1fd MCAL/UART/static/UART.o

.debug_frame    0x00000000      0x364
 *(.debug_frame)
 .debug_frame   0x00000000       0x34 HAL/DimmingLed/DimmingLed.o
 .debug_frame   0x00000034       0x60 HAL/POT/Pot.o
 .debug_frame   0x00000094       0x34 HAL/Relay/Relay.o
 .debug_frame   0x000000c8       0x54 HAL/Servo_Motor/Servo_motor.o
 .debug_frame   0x0000011c       0x34 main.o
 .debug_frame   0x00000150       0x78 MCAL/ADC/static/ADC.o
 .debug_frame   0x000001c8       0x80 MCAL/DIO/Dio.o
 .debug_frame   0x00000248       0x6c MCAL/PWM/static/Pwm.o
 .debug_frame   0x000002b4       0xb0 MCAL/UART/static/UART.o

.debug_str      0x00000000     0x11a7
 *(.debug_str)
 .debug_str     0x00000000      0x196 C:/Program Files (x86)/Atmel/Studio/7.0/Packs/atmel/ATmega_DFP/1.6.364/gcc/dev/atmega32a/avr5/crtatmega32a.o
 .debug_str     0x00000196      0x3ac HAL/DimmingLed/DimmingLed.o
                                0x3d3 (size before relaxing)
 .debug_str     0x00000542      0x42e HAL/POT/Pot.o
                                0x578 (size before relaxing)
 .debug_str     0x00000970       0x69 HAL/Relay/Relay.o
                                0x21f (size before relaxing)
 .debug_str     0x000009d9       0xec HAL/Servo_Motor/Servo_motor.o
                                0x450 (size before relaxing)
 .debug_str     0x00000ac5      0x425 main.o
                                0x633 (size before relaxing)
 .debug_str     0x00000eea       0x34 MCAL/ADC/config/ADC_Lcfg.o
                                0x4e3 (size before relaxing)
 .debug_str     0x00000f1e       0x77 MCAL/ADC/static/ADC.o
                                0x57b (size before relaxing)
 .debug_str     0x00000f95       0xa0 MCAL/DIO/Dio.o
                                0x26c (size before relaxing)
 .debug_str     0x00001035       0x32 MCAL/PWM/config/Pwm_Lcfg.o
                                0x335 (size before relaxing)
 .debug_str     0x00001067       0x56 MCAL/PWM/static/Pwm.o
                                0x365 (size before relaxing)
 .debug_str     0x000010bd       0x20 MCAL/UART/config/UART_Lcfg.o
                                0x569 (size before relaxing)
 .debug_str     0x000010dd       0xca MCAL/UART/static/UART.o
                                0x62a (size before relaxing)

.debug_loc      0x00000000      0xa3c
 *(.debug_loc)
 .debug_loc     0x00000000       0x2c HAL/DimmingLed/DimmingLed.o
 .debug_loc     0x0000002c       0xc4 HAL/POT/Pot.o
 .debug_loc     0x000000f0       0x2c HAL/Relay/Relay.o
 .debug_loc     0x0000011c       0xd8 HAL/Servo_Motor/Servo_motor.o
 .debug_loc     0x000001f4       0x48 main.o
 .debug_loc     0x0000023c      0x13e MCAL/ADC/static/ADC.o
 .debug_loc     0x0000037a      0x18f MCAL/DIO/Dio.o
 .debug_loc     0x00000509      0x281 MCAL/PWM/static/Pwm.o
 .debug_loc     0x0000078a      0x2b2 MCAL/UART/static/UART.o

.debug_macinfo
 *(.debug_macinfo)

.debug_weaknames
 *(.debug_weaknames)

.debug_funcnames
 *(.debug_funcnames)

.debug_typenames
 *(.debug_typenames)

.debug_varnames
 *(.debug_varnames)

.debug_pubtypes
 *(.debug_pubtypes)

.debug_ranges   0x00000000      0x148
 *(.debug_ranges)
 .debug_ranges  0x00000000       0x18 HAL/DimmingLed/DimmingLed.o
 .debug_ranges  0x00000018       0x20 HAL/POT/Pot.o
 .debug_ranges  0x00000038       0x18 HAL/Relay/Relay.o
 .debug_ranges  0x00000050       0x28 HAL/Servo_Motor/Servo_motor.o
 .debug_ranges  0x00000078       0x10 main.o
 .debug_ranges  0x00000088       0x30 MCAL/ADC/static/ADC.o
 .debug_ranges  0x000000b8       0x38 MCAL/DIO/Dio.o
 .debug_ranges  0x000000f0       0x20 MCAL/PWM/static/Pwm.o
 .debug_ranges  0x00000110       0x38 MCAL/UART/static/UART.o

.debug_macro
 *(.debug_macro)
OUTPUT(Smart_Home.elf elf32-avr)
LOAD linker stubs
